2025-04-04 04:43:29.890550 - Received CBT.V508.FILE124.PDS from FILE124.XMI 
2025-04-04 04:43:29.891767 - Found $$$#DATE.txt (text/plain) in CBT.V508.FILE124.PDS, moved to PDS/$$$#DATE
2025-04-04 04:43:29.891940 - Found $$$DOC.txt (text/plain) in CBT.V508.FILE124.PDS, moved to PDS/$$$DOC
2025-04-04 04:43:29.892081 - Found @FILE124.txt (text/plain) in CBT.V508.FILE124.PDS, moved to PDS/@FILE124
2025-04-04 04:43:29.892210 - Found AUTH.txt (text/plain) in CBT.V508.FILE124.PDS, moved to PDS/AUTH
2025-04-04 04:43:29.892338 - Found BPPL.txt (text/plain) in CBT.V508.FILE124.PDS, moved to PDS/BPPL
2025-04-04 04:43:29.892453 - Found EDPRD.txt (text/plain) in CBT.V508.FILE124.PDS, moved to PDS/EDPRD
2025-04-04 04:43:29.892577 - Found EDPRT.txt (text/plain) in CBT.V508.FILE124.PDS, moved to PDS/EDPRT
2025-04-04 04:43:29.892690 - Found EDSCR.txt (text/plain) in CBT.V508.FILE124.PDS, moved to PDS/EDSCR
2025-04-04 04:43:29.892804 - Found ENTERR.txt (text/plain) in CBT.V508.FILE124.PDS, moved to PDS/ENTERR
2025-04-04 04:43:29.892932 - Found GDGUTIL.txt (text/plain) in CBT.V508.FILE124.PDS, moved to PDS/GDGUTIL
2025-04-04 04:43:29.893055 - Found GDGUTILP.txt (text/plain) in CBT.V508.FILE124.PDS, moved to PDS/GDGUTILP
2025-04-04 04:43:29.893167 - Found IGC0023C.txt (text/plain) in CBT.V508.FILE124.PDS, moved to PDS/IGC0023C
2025-04-04 04:43:29.893277 - Found IKJCVT.txt (text/plain) in CBT.V508.FILE124.PDS, moved to PDS/IKJCVT
2025-04-04 04:43:29.893389 - Found ISR@PDOC.txt (text/plain) in CBT.V508.FILE124.PDS, moved to PDS/ISR@PDOC
2025-04-04 04:43:29.893509 - Found ISR@PRIM.txt (text/plain) in CBT.V508.FILE124.PDS, moved to PDS/ISR@PRIM
2025-04-04 04:43:29.893625 - Found KPPL.txt (text/plain) in CBT.V508.FILE124.PDS, moved to PDS/KPPL
2025-04-04 04:43:29.893755 - Found LEAVER.txt (text/plain) in CBT.V508.FILE124.PDS, moved to PDS/LEAVER
2025-04-04 04:43:29.893874 - Found MOVE.txt (text/plain) in CBT.V508.FILE124.PDS, moved to PDS/MOVE
2025-04-04 04:43:29.893988 - Found PDPANL.txt (text/plain) in CBT.V508.FILE124.PDS, moved to PDS/PDPANL
2025-04-04 04:43:29.894111 - Found PRPANL.txt (text/plain) in CBT.V508.FILE124.PDS, moved to PDS/PRPANL
2025-04-04 04:43:29.894234 - Found PRT.txt (text/plain) in CBT.V508.FILE124.PDS, moved to PDS/PRT
2025-04-04 04:43:29.894346 - Found PRTPNL00.txt (text/plain) in CBT.V508.FILE124.PDS, moved to PDS/PRTPNL00
2025-04-04 04:43:29.894462 - Found PR1.txt (text/plain) in CBT.V508.FILE124.PDS, moved to PDS/PR1
2025-04-04 04:43:29.894597 - Found PR2.txt (text/plain) in CBT.V508.FILE124.PDS, moved to PDS/PR2
2025-04-04 04:43:29.894721 - Found REGEQU.txt (text/plain) in CBT.V508.FILE124.PDS, moved to PDS/REGEQU
2025-04-04 04:43:29.894853 - Found RESETGDG.txt (text/plain) in CBT.V508.FILE124.PDS, moved to PDS/RESETGDG
2025-04-04 04:43:29.894964 - Found SCPANL.txt (text/plain) in CBT.V508.FILE124.PDS, moved to PDS/SCPANL
2025-04-04 04:43:29.895112 - Found SPF.txt (text/plain) in CBT.V508.FILE124.PDS, moved to PDS/SPF
2025-04-04 04:43:29.895221 - Found SPFDOC.txt (text/plain) in CBT.V508.FILE124.PDS, moved to PDS/SPFDOC
2025-04-04 04:43:29.895389 - Found STACK.txt (text/plain) in CBT.V508.FILE124.PDS, moved to PDS/STACK
2025-04-04 04:43:29.895500 - Found STACKDOC.txt (text/plain) in CBT.V508.FILE124.PDS, moved to PDS/STACKDOC
2025-04-04 04:43:29.895618 - Found WPROFILE.txt (text/plain) in CBT.V508.FILE124.PDS, moved to PDS/WPROFILE
2025-04-04 04:43:29.895734 - Found WSRCCEP1.txt (text/plain) in CBT.V508.FILE124.PDS, moved to PDS/WSRCCEP1
2025-04-04 04:43:29.895857 - Found WSRCCLPN.txt (text/plain) in CBT.V508.FILE124.PDS, moved to PDS/WSRCCLPN
2025-04-04 04:43:29.895986 - Found WSRCEPCL.txt (text/plain) in CBT.V508.FILE124.PDS, moved to PDS/WSRCEPCL
2025-04-04 04:43:29.896099 - Found WSRCESET.txt (text/plain) in CBT.V508.FILE124.PDS, moved to PDS/WSRCESET
2025-04-04 04:43:29.896214 - Found WSRCMDS.bin (application/octet-stream) in CBT.V508.FILE124.PDS, moved to PDS/WSRCMDS
2025-04-04 04:43:29.896333 - Found WSRCPRTC.txt (text/plain) in CBT.V508.FILE124.PDS, moved to PDS/WSRCPRTC
2025-04-04 04:43:29.896446 - Found WTP.txt (text/plain) in CBT.V508.FILE124.PDS, moved to PDS/WTP
2025-04-04 04:43:29.896655 - Found XABGN.txt (text/plain) in CBT.V508.FILE124.PDS, moved to PDS/XABGN
2025-04-04 04:43:29.896766 - Found XAFIN.txt (text/plain) in CBT.V508.FILE124.PDS, moved to PDS/XAFIN
2025-04-04 04:43:29.896878 - Found XL.txt (text/plain) in CBT.V508.FILE124.PDS, moved to PDS/XL
2025-04-04 04:43:29.897000 - Found XLN.txt (text/plain) in CBT.V508.FILE124.PDS, moved to PDS/XLN
